0: prsg-2-B(prsg-2-B)-
1: jkra-4-B(prsg-2-B)-l xlpe-2-B(prsg-2-B)-r
2: emhu-2-R(jkra-4-B)-l oast-2-B(jkra-4-B)-r tshh-2-R(xlpe-2-B)-l yzoi-2-B(xlpe-2-B)-r
3: cjjn-2-B(emhu-2-R)-l fnlz-2-B(emhu-2-R)-r lrlj-2-R(oast-2-B)-l oxwy-2-R(oast-2-B)-r symv-2-B(tshh-2-R)-l vnxg-2-B(tshh-2-R)-r yhjs-2-B(yzoi-2-B)-l zqyz-2-B(yzoi-2-B)-r
4: bdfx-2-B(cjjn-2-B)-l damu-2-B(cjjn-2-B)-r eyza-2-B(fnlz-2-B)-l hipj-2-R(fnlz-2-B)-r ksoh-2-B(lrlj-2-R)-l nhie-2-B(lrlj-2-R)-r oqdh-2-B(oxwy-2-R)-l poko-2-B(oxwy-2-R)-r rlyf-2-R(symv-2-B)-l tlqa-2-B(symv-2-B)-r ukvv-2-B(vnxg-2-B)-l wlbu-2-B(vnxg-2-B)-r xtcx-2-R(yhjs-2-B)-l yrhb-2-R(yhjs-2-B)-r zbqa-2-B(zqyz-2-B)-l zxzt-2-B(zqyz-2-B)-r
5: avum-2-B(bdfx-2-B)-l bufl-2-R(bdfx-2-B)-r cnez-2-B(damu-2-B)-l edmu-2-B(damu-2-B)-r =eshq-2-B(eyza-2-B)-l fbgt-2-B(eyza-2-B)-r gkvx-2-B(hipj-2-R)-l jdmy-2-B(hipj-2-R)-r jrve-2-R(ksoh-2-B)-l kveg-2-R(ksoh-2-B)-r mamq-2-R(nhie-2-B)-l nybg-2-B(nhie-2-B)-r ofti-2-B(oqdh-2-B)-l =oxjo-2-B(oqdh-2-B)-r pfih-2-R(poko-2-B)-l =prkq-2-B(poko-2-B)-r qwmk-2-B(rlyf-2-R)-l rydg-2-B(rlyf-2-R)-r =tbcw-2-B(tlqa-2-B)-l tpvc-2-B(tlqa-2-B)-r ubji-2-R(ukvv-2-B)-l uyeg-2-R(ukvv-2-B)-r wcoa-2-B(wlbu-2-B)-l wyfv-2-B(wlbu-2-B)-r xsxr-2-B(xtcx-2-R)-l =yeqq-2-B(xtcx-2-R)-r ynub-2-B(yrhb-2-R)-l =yuwh-2-B(yrhb-2-R)-r =zatm-2-R(zbqa-2-B)-l =zbtg-2-R(zbqa-2-B)-r =zzfq-2-R(zxzt-2-B)-r
6: =amvg-2-R(avum-2-B)-l blpy-2-B(bufl-2-R)-l cgqc-2-B(bufl-2-R)-r =damc-2-R(cnez-2-B)-r =dqnn-2-R(edmu-2-B)-l =fapa-2-R(fbgt-2-B)-l fvge-2-B(gkvx-2-B)-l grry-2-R(gkvx-2-B)-r hnjg-2-B(jdmy-2-B)-l jglp-2-B(jdmy-2-B)-r jpjw-2-B(jrve-2-R)-l kihd-2-B(jrve-2-R)-r =ktjo-2-B(kveg-2-R)-l =lreb-2-B(kveg-2-R)-r =lrzm-2-B(mamq-2-R)-l mwsy-2-B(mamq-2-R)-r =nikx-2-R(nybg-2-B)-l =omez-2-R(ofti-2-B)-r pbea-2-B(pfih-2-R)-l =poft-2-B(pfih-2-R)-r qlcc-2-B(qwmk-2-B)-l raiv-2-B(qwmk-2-B)-r rryw-2-B(rydg-2-B)-l svai-2-R(rydg-2-B)-r =tlrt-2-R(tpvc-2-B)-l =trui-2-R(tpvc-2-B)-r =ttye-2-B(ubji-2-R)-l uboh-2-B(ubji-2-R)-r =uptd-2-B(uyeg-2-R)-l viea-2-B(uyeg-2-R)-r =wkhn-2-R(wcoa-2-B)-r =woeu-2-R(wyfv-2-B)-l =xacv-2-R(wyfv-2-B)-r =xsks-2-R(xsxr-2-B)-l =ynqf-2-R(ynub-2-B)-l
7: =bqbf-2-R(blpy-2-B)-r =bxlw-2-R(cgqc-2-B)-l =ggta-2-R(fvge-2-B)-r =glbh-2-B(grry-2-R)-l hioc-2-B(grry-2-R)-r =ihph-2-R(hnjg-2-B)-r =jevs-2-R(jglp-2-B)-l =jpnk-2-R(jpjw-2-B)-r =jued-2-R(kihd-2-B)-l =mgab-2-R(mwsy-2-B)-l =oyhx-2-R(pbea-2-B)-l =pbue-2-R(pbea-2-B)-r =pugy-2-R(qlcc-2-B)-l =rkfy-2-R(raiv-2-B)-r =rnhm-2-R(rryw-2-B)-l sceo-2-B(svai-2-R)-l =svav-2-B(svai-2-R)-r =ueat-2-R(uboh-2-B)-r =vbxy-2-R(viea-2-B)-l =vjdt-2-R(viea-2-B)-r
8: =gzga-2-R(hioc-2-B)-l =ryzd-2-R(sceo-2-B)-l =senj-2-R(sceo-2-B)-r
Words/Phrases: 242
Nodes: 120
Minimum depth: 5
Maximum depth: 9
0: prsg-B(prsg-B)-
1: jkra-2-B(prsg-B)-l xlpe-B(prsg-B)-r
2: emhu-R(jkra-2-B)-l oast-B(jkra-2-B)-r tshh-R(xlpe-B)-l yzoi-B(xlpe-B)-r
3: cjjn-B(emhu-R)-l fnlz-B(emhu-R)-r lrlj-R(oast-B)-l oxwy-R(oast-B)-r symv-B(tshh-R)-l vnxg-B(tshh-R)-r yhjs-B(yzoi-B)-l zqyz-B(yzoi-B)-r
4: bdfx-B(cjjn-B)-l damu-B(cjjn-B)-r eyza-B(fnlz-B)-l hipj-R(fnlz-B)-r ksoh-B(lrlj-R)-l nhie-B(lrlj-R)-r oqdh-B(oxwy-R)-l poko-B(oxwy-R)-r rlyf-R(symv-B)-l tlqa-B(symv-B)-r ukvv-B(vnxg-B)-l wlbu-B(vnxg-B)-r xtcx-R(yhjs-B)-l yrhb-R(yhjs-B)-r zbqa-B(zqyz-B)-l zxzt-B(zqyz-B)-r
5: avum-B(bdfx-B)-l bufl-R(bdfx-B)-r cnez-B(damu-B)-l edmu-B(damu-B)-r =eshq-B(eyza-B)-l fbgt-B(eyza-B)-r gkvx-B(hipj-R)-l jdmy-B(hipj-R)-r jrve-R(ksoh-B)-l kveg-R(ksoh-B)-r mamq-R(nhie-B)-l nybg-B(nhie-B)-r ofti-B(oqdh-B)-l =oxjo-B(oqdh-B)-r pfih-R(poko-B)-l =prkq-B(poko-B)-r qwmk-B(rlyf-R)-l rydg-B(rlyf-R)-r =tbcw-B(tlqa-B)-l tpvc-B(tlqa-B)-r ubji-R(ukvv-B)-l uyeg-R(ukvv-B)-r wcoa-B(wlbu-B)-l wyfv-B(wlbu-B)-r xsxr-B(xtcx-R)-l =yeqq-B(xtcx-R)-r ynub-B(yrhb-R)-l =yuwh-B(yrhb-R)-r =zatm-R(zbqa-B)-l =zbtg-R(zbqa-B)-r =zzfq-R(zxzt-B)-r
6: =amvg-R(avum-B)-l blpy-B(bufl-R)-l cgqc-B(bufl-R)-r =damc-R(cnez-B)-r =dqnn-R(edmu-B)-l =fapa-R(fbgt-B)-l fvge-B(gkvx-B)-l grry-R(gkvx-B)-r hnjg-B(jdmy-B)-l jglp-B(jdmy-B)-r jpjw-B(jrve-R)-l kihd-B(jrve-R)-r =ktjo-B(kveg-R)-l =lreb-B(kveg-R)-r =lrzm-B(mamq-R)-l mwsy-B(mamq-R)-r =nikx-R(nybg-B)-l =omez-R(ofti-B)-r pbea-B(pfih-R)-l =poft-B(pfih-R)-r qlcc-B(qwmk-B)-l raiv-B(qwmk-B)-r rryw-B(rydg-B)-l svai-R(rydg-B)-r =tlrt-R(tpvc-B)-l =trui-R(tpvc-B)-r =ttye-B(ubji-R)-l uboh-B(ubji-R)-r =uptd-B(uyeg-R)-l viea-B(uyeg-R)-r =wkhn-R(wcoa-B)-r =woeu-R(wyfv-B)-l =xacv-R(wyfv-B)-r =xsks-R(xsxr-B)-l =ynqf-R(ynub-B)-l
7: =bqbf-R(blpy-B)-r =bxlw-R(cgqc-B)-l =ggta-R(fvge-B)-r =glbh-B(grry-R)-l hioc-B(grry-R)-r =ihph-R(hnjg-B)-r =jevs-R(jglp-B)-l =jpnk-R(jpjw-B)-r =jued-R(kihd-B)-l =mgab-R(mwsy-B)-l =oyhx-R(pbea-B)-l =pbue-R(pbea-B)-r =pugy-R(qlcc-B)-l =rkfy-R(raiv-B)-r =rnhm-R(rryw-B)-l sceo-B(svai-R)-l =svav-B(svai-R)-r =ueat-R(uboh-B)-r =vbxy-R(viea-B)-l =vjdt-R(viea-B)-r
8: =gzga-R(hioc-B)-l =ryzd-R(sceo-B)-l =senj-R(sceo-B)-r
Words/Phrases: 121
Nodes: 120
Minimum depth: 5
Maximum depth: 9
