0: sfda-2-B(sfda-2-B)-
1: ijrh-2-B(sfda-2-B)-l wgpy-2-B(sfda-2-B)-r
2: dkxx-2-B(ijrh-2-B)-l nswo-2-R(ijrh-2-B)-r uret-2-B(wgpy-2-B)-l ykko-2-B(wgpy-2-B)-r
3: bqmc-2-R(dkxx-2-B)-l gmwv-2-R(dkxx-2-B)-r kyhb-2-B(nswo-2-R)-l qthi-2-B(nswo-2-R)-r trjh-2-R(uret-2-B)-l wacu-2-B(uret-2-B)-r xkos-2-B(ykko-2-B)-l yymz-2-B(ykko-2-B)-r
4: arse-2-B(bqmc-2-R)-l debn-2-B(bqmc-2-R)-r gigu-2-B(gmwv-2-R)-l htdb-2-B(gmwv-2-R)-r jkiu-2-R(kyhb-2-B)-l npkw-2-B(kyhb-2-B)-r oypc-2-B(qthi-2-B)-l qyqy-2-B(qthi-2-B)-r sizu-2-B(trjh-2-R)-l ugmj-2-B(trjh-2-R)-r vqln-2-B(wacu-2-B)-l wbje-2-B(wacu-2-B)-r wnoo-2-R(xkos-2-B)-l xxno-2-R(xkos-2-B)-r ymlm-2-R(yymz-2-B)-l zaxz-2-R(yymz-2-B)-r
5: aljz-2-B(arse-2-B)-l bbtu-2-R(arse-2-B)-r bzlw-2-R(debn-2-B)-l dhjs-2-B(debn-2-B)-r fqru-2-R(gigu-2-B)-l glqi-2-B(gigu-2-B)-r hocg-2-R(htdb-2-B)-l ifmd-2-R(htdb-2-B)-r jggf-2-B(jkiu-2-R)-l kqzm-2-B(jkiu-2-R)-r naxb-2-B(npkw-2-B)-l =npqo-2-B(npkw-2-B)-r ocox-2-R(oypc-2-B)-l ppsx-2-R(oypc-2-B)-r =qujn-2-B(qyqy-2-B)-l rnya-2-R(qyqy-2-B)-r =sgvv-2-B(sizu-2-B)-l tent-2-R(sizu-2-B)-r =uchg-2-B(ugmj-2-B)-l ulyr-2-B(ugmj-2-B)-r =vkht-2-R(vqln-2-B)-l =vzga-2-R(vqln-2-B)-r =wbrt-2-R(wbje-2-B)-r =wjhe-2-B(wnoo-2-R)-l xgqg-2-B(wnoo-2-R)-r xnoy-2-B(xxno-2-R)-l xzxz-2-B(xxno-2-R)-r ykxh-2-B(ymlm-2-R)-l yoax-2-B(ymlm-2-R)-r =yzgl-2-B(zaxz-2-R)-l zvyq-2-B(zaxz-2-R)-r
6: =alsp-2-R(aljz-2-B)-r auff-2-B(bbtu-2-R)-l bmfg-2-B(bbtu-2-R)-r =bxuw-2-B(bzlw-2-R)-l cteh-2-B(bzlw-2-R)-r =dirl-2-R(dhjs-2-B)-r dvbl-2-B(fqru-2-R)-l gbxj-2-B(fqru-2-R)-r =glsu-2-R(glqi-2-B)-r gpgp-2-B(hocg-2-R)-l hsjx-2-B(hocg-2-R)-r iesi-2-B(ifmd-2-R)-l =iinz-2-B(ifmd-2-R)-r jcqk-2-B(jggf-2-B)-l =jhbm-2-B(jggf-2-B)-r jtfj-2-R(kqzm-2-B)-l kxet-2-B(kqzm-2-B)-r =mzbi-2-R(naxb-2-B)-l ocnd-2-B(ocox-2-R)-l olou-2-B(ocox-2-R)-r =pepn-2-B(ppsx-2-R)-l qqtt-2-B(ppsx-2-R)-r razc-2-B(rnya-2-R)-l rypi-2-B(rnya-2-R)-r stix-2-B(tent-2-R)-l =trbo-2-B(tent-2-R)-r =unuu-2-R(ulyr-2-B)-r =wveh-2-R(xgqg-2-B)-l =xjqq-2-R(xgqg-2-B)-r =xlwe-2-R(xnoy-2-B)-l =xrfi-2-R(xnoy-2-B)-r =xynv-2-R(xzxz-2-B)-l =ymku-2-R(ykxh-2-B)-r =ynci-2-R(yoax-2-B)-l =yomq-2-R(yoax-2-B)-r =zbwy-2-R(zvyq-2-B)-l
7: =asyk-2-R(auff-2-B)-l =blfc-2-R(bmfg-2-B)-l =bozf-2-R(bmfg-2-B)-r =cyfc-2-R(cteh-2-B)-r =dnkz-2-R(dvbl-2-B)-l =ffoq-2-R(dvbl-2-B)-r =fypy-2-R(gbxj-2-B)-l =gpdh-2-R(gpgp-2-B)-l =gwoj-2-R(gpgp-2-B)-r =hpcf-2-R(hsjx-2-B)-l =icfd-2-R(iesi-2-B)-l =jesx-2-R(jcqk-2-B)-r =jrps-2-B(jtfj-2-R)-l jwlm-2-B(jtfj-2-R)-r =ksyc-2-R(kxet-2-B)-l =oaml-2-R(ocnd-2-B)-l =omou-2-R(olou-2-B)-r =pruy-2-R(qqtt-2-B)-l =rguw-2-R(razc-2-B)-r =rrny-2-R(rypi-2-B)-l =sdmu-2-R(rypi-2-B)-r =skmu-2-R(stix-2-B)-l
8: =klrj-2-R(jwlm-2-B)-r
Words/Phrases: 242
Nodes: 121
Minimum depth: 5
Maximum depth: 9
