0: pgfncuzl x-B(pgfncuzl x-B)-
1: old hfobofd-B(pgfncuzl x-B)-l y ek tq-B(pgfncuzl x-B)-r
2: jzv grqu v-R(old hfobofd-B)-l pfe jg aj-B(old hfobofd-B)-r uagxkqrcdg-B(y ek tq-B)-l =za k ovf-B(y ek tq-B)-r
3: icxr fs c-B(jzv grqu v-R)-l =mejgf ph-B(jzv grqu v-R)-r =p up x j-R(pfe jg aj-B)-l =xmzq uti g-R(uagxkqrcdg-B)-r
4: =a oa cgowf-R(icxr fs c-B)-l
Words/Phrases: 12
Nodes: 12
Minimum depth: 3
Maximum depth: 5
0: icxr fs c-B(icxr fs c-B)-
1: =mejgf ph-R(icxr fs c-B)-r
Words/Phrases: 2
Nodes: 2
Minimum depth: 1
Maximum depth: 2
