Frequency of hfcq: 2
Frequency of sxtx: 2
Frequency of elwn: 2
Frequency of ydqs: 2
Frequency of rmdi: 2
Frequency of nhaj: 2
Frequency of lvpg: 2
Frequency of gczn: 2
Frequency of kbfc: 2
Frequency of bycf: 2
Frequency of latj: 2
Frequency of dlex: 2
Frequency of zjfn: 2
Frequency of rhye: 2
Frequency of eolk: 2
Frequency of smac: 2
Frequency of qfhr: 2
Frequency of gjwr: 2
Frequency of jrdp: 2
Frequency of fjme: 2
Frequency of sttj: 2
Frequency of bsqh: 2
Frequency of ibsa: 2
Frequency of pudf: 2
Frequency of bmwh: 2
Frequency of xvbi: 2
Frequency of ogxt: 2
Frequency of plah: 2
Frequency of ftti: 2
Frequency of njpv: 2
Frequency of mjwb: 2
Frequency of dbhf: 2
Frequency of nfok: 2
Frequency of arsp: 2
Frequency of xsko: 2
Frequency of dkyk: 2
Frequency of erst: 2
Frequency of ckpo: 2
Frequency of tnrz: 2
Frequency of oyed: 2
Frequency of eupg: 2
Frequency of mjxl: 2
Frequency of bich: 2
Frequency of uara: 2
Frequency of rkut: 2
Frequency of wjjp: 2
Frequency of waom: 2
Frequency of burh: 2
Frequency of pgnd: 2
Frequency of plor: 2
Frequency of vqyp: 2
Frequency of srsj: 2
Frequency of bmez: 2
Frequency of xppv: 2
Frequency of qfjt: 2
Frequency of caar: 2
Frequency of gnwv: 2
Frequency of amov: 2
Frequency of fonx: 2
Frequency of gfjj: 2
Frequency of tpjs: 2
Frequency of fanx: 2
Frequency of fyqj: 2
Frequency of yqae: 2
Frequency of dybg: 2
Frequency of lsbs: 2
Frequency of gqpm: 2
Frequency of xyyq: 2
Frequency of qhkv: 2
Frequency of hzso: 2
Frequency of xkyv: 2
Frequency of aabf: 2
Frequency of zflm: 2
Frequency of xpef: 2
Frequency of fvsd: 2
Frequency of wqvm: 2
Frequency of zihi: 2
Frequency of hbwh: 2
Frequency of lucn: 2
Frequency of xgsy: 2
Frequency of ngkm: 2
Frequency of vqrc: 2
Frequency of llhj: 2
Frequency of dfvc: 2
Frequency of nekw: 2
Frequency of fjds: 2
Frequency of fifc: 2
Frequency of qacd: 2
Frequency of impd: 2
Frequency of eihs: 2
Frequency of upbx: 2
Frequency of wxcl: 2
Frequency of dohj: 2
Frequency of xldd: 2
Frequency of vjhl: 2
Frequency of lkot: 2
Frequency of yfyf: 2
Frequency of nfxj: 2
Frequency of wajs: 2
Frequency of zndd: 2
Frequency of bnob: 2
Frequency of argv: 2
Frequency of angn: 2
Frequency of zwga: 2
Frequency of defs: 2
Frequency of meci: 2
Frequency of endg: 2
Frequency of aijb: 2
Frequency of xxcx: 2
Frequency of oisr: 2
Frequency of yagx: 2
Frequency of ynzb: 2
Frequency of teuf: 2
Frequency of iyqp: 2
Frequency of lvvl: 2
Frequency of femd: 2
Frequency of drat: 2
Frequency of bvmz: 2
Frequency of vtzu: 2
Frequency of gyxb: 2
Frequency of frjn: 2
Frequency of rbec: 2
Frequency of wznd: 2
Frequency of fcgi: 2
Frequency of vjcw: 2
Frequency of eoyb: 2
Frequency of jzxp: 2
Frequency of zxte: 2
Frequency of qcui: 2
Frequency of dykb: 2
Frequency of aaef: 2
Frequency of enqb: 2
Frequency of wuxc: 2
Frequency of kxfu: 2
Frequency of wfjw: 2
Frequency of cecs: 2
Frequency of gwal: 2
Frequency of xnmx: 2
Frequency of ptet: 2
Frequency of guuc: 2
Frequency of otgz: 2
Frequency of rltp: 2
Frequency of qens: 2
Frequency of jqlr: 2
Frequency of ondn: 2
Frequency of apmp: 2
Frequency of irkq: 2
Frequency of ngsc: 2
Frequency of aydt: 2
Frequency of mwkc: 2
Frequency of cyxn: 2
Frequency of qkfg: 2
Frequency of ziua: 2
Frequency of zirk: 2
Frequency of zean: 2
Frequency of kvrm: 2
Frequency of vufh: 2
Frequency of sqmw: 2
Frequency of qlki: 2
Frequency of xpow: 2
Frequency of zkya: 2
Frequency of tqku: 2
Frequency of wnjg: 2
Frequency of icvd: 2
Frequency of wanq: 2
Frequency of sbnk: 2
Frequency of mzsj: 2
Frequency of qhfp: 2
Frequency of tero: 2
Frequency of wcls: 2
Frequency of ruaz: 2
Frequency of xvev: 2
Frequency of ytos: 2
Frequency of uddg: 2
Frequency of cxrs: 2
Frequency of gxja: 2
Frequency of daob: 2
Frequency of ebtv: 2
Frequency of wvwv: 2
Frequency of tdst: 2
Frequency of yilt: 2
Frequency of lqbp: 2
Frequency of otju: 2
Frequency of qsuv: 2
Frequency of vlwb: 2
Frequency of mrzk: 2
Frequency of mxhh: 2
Frequency of acaz: 2
Frequency of kmuw: 2
0: hfcq-2(hfcq-2)-
1: elwn-2(hfcq-2)-l sxtx-2(hfcq-2)-r
2: bycf-2(elwn-2)-l gczn-2(elwn-2)-r rmdi-2(sxtx-2)-l ydqs-2(sxtx-2)-r
3: bsqh-2(bycf-2)-l dlex-2(bycf-2)-r eolk-2(gczn-2)-l gjwr-2(gczn-2)-r nhaj-2(rmdi-2)-l smac-2(rmdi-2)-r xvbi-2(ydqs-2)-l zjfn-2(ydqs-2)-r
4: bmwh-2(bsqh-2)-l burh-2(bsqh-2)-r dbhf-2(dlex-2)-l dybg-2(dlex-2)-r endg-2(eolk-2)-l fjme-2(eolk-2)-r =gfjj-2(gjwr-2)-l gnwv-2(gjwr-2)-r lvpg-2(nhaj-2)-l rhye-2(nhaj-2)-r sbnk-2(smac-2)-l sttj-2(smac-2)-r xsko-2(xvbi-2)-l xyyq-2(xvbi-2)-r yqae-2(zjfn-2)-l zndd-2(zjfn-2)-r
5: arsp-2(bmwh-2)-l =bnob-2(bmwh-2)-r =bvmz-2(burh-2)-r ckpo-2(dbhf-2)-l dkyk-2(dbhf-2)-r dohj-2(dybg-2)-l eihs-2(dybg-2)-r =enqb-2(endg-2)-r erst-2(fjme-2)-l ftti-2(fjme-2)-r gqpm-2(gnwv-2)-r kbfc-2(lvpg-2)-l mjwb-2(lvpg-2)-r qfhr-2(rhye-2)-l rkut-2(rhye-2)-r =ruaz-2(sbnk-2)-l srsj-2(sttj-2)-l tnrz-2(xsko-2)-l xxcx-2(xyyq-2)-l =yagx-2(xyyq-2)-r yfyf-2(yqae-2)-l zflm-2(yqae-2)-r =zkya-2(zndd-2)-l zwga-2(zndd-2)-r
6: amov-2(arsp-2)-l bich-2(arsp-2)-r caar-2(ckpo-2)-l cyxn-2(ckpo-2)-r dfvc-2(dkyk-2)-l =drat-2(dohj-2)-r dykb-2(eihs-2)-l =eoyb-2(erst-2)-l eupg-2(erst-2)-r fonx-2(ftti-2)-l fyqj-2(ftti-2)-r hbwh-2(gqpm-2)-r jrdp-2(kbfc-2)-l latj-2(kbfc-2)-r meci-2(mjwb-2)-l nfok-2(mjwb-2)-r pudf-2(qfhr-2)-l qfjt-2(qfhr-2)-r =rltp-2(rkut-2)-r =sqmw-2(srsj-2)-l teuf-2(tnrz-2)-l uara-2(tnrz-2)-r =xvev-2(xxcx-2)-l ynzb-2(yfyf-2)-r zean-2(zflm-2)-l zihi-2(zflm-2)-r =zxte-2(zwga-2)-r
7: aabf-2(amov-2)-l argv-2(amov-2)-r =aydt-2(bich-2)-l =bmez-2(bich-2)-r =cecs-2(caar-2)-r =cxrs-2(cyxn-2)-l =daob-2(cyxn-2)-r =defs-2(dfvc-2)-l =ebtv-2(dykb-2)-r fanx-2(eupg-2)-r =frjn-2(fonx-2)-r =fvsd-2(fyqj-2)-l gyxb-2(hbwh-2)-l ibsa-2(jrdp-2)-l =jzxp-2(jrdp-2)-r kxfu-2(latj-2)-l lsbs-2(latj-2)-r =lvvl-2(meci-2)-l mjxl-2(nfok-2)-l ngkm-2(nfok-2)-r ogxt-2(pudf-2)-l qacd-2(pudf-2)-r qhkv-2(qfjt-2)-r tero-2(teuf-2)-l tpjs-2(uara-2)-l wjjp-2(uara-2)-r =yilt-2(ynzb-2)-l =ytos-2(zean-2)-l ziua-2(zihi-2)-r
8: aijb-2(aabf-2)-r angn-2(argv-2)-l fjds-2(fanx-2)-r gwal-2(gyxb-2)-l =hzso-2(ibsa-2)-l impd-2(ibsa-2)-r kvrm-2(kxfu-2)-l llhj-2(lsbs-2)-l =lucn-2(lsbs-2)-r nekw-2(mjxl-2)-r =nfxj-2(ngkm-2)-l =ngsc-2(ngkm-2)-r =njpv-2(ogxt-2)-l plah-2(ogxt-2)-r qcui-2(qacd-2)-r =qhfp-2(qhkv-2)-l rbec-2(qhkv-2)-r =tdst-2(tero-2)-l =tqku-2(tpjs-2)-r waom-2(wjjp-2)-l xppv-2(wjjp-2)-r =zirk-2(ziua-2)-l
9: aaef-2(aijb-2)-l =apmp-2(angn-2)-r fifc-2(fjds-2)-l =guuc-2(gwal-2)-l =gxja-2(gwal-2)-r =icvd-2(impd-2)-l iyqp-2(impd-2)-r =kmuw-2(kvrm-2)-l =lkot-2(llhj-2)-l =lqbp-2(llhj-2)-r mwkc-2(nekw-2)-l oyed-2(plah-2)-l plor-2(plah-2)-r =qens-2(qcui-2)-r qkfg-2(rbec-2)-l vqyp-2(waom-2)-l wfjw-2(waom-2)-r xkyv-2(xppv-2)-l
10: =acaz-2(aaef-2)-r femd-2(fifc-2)-l =irkq-2(iyqp-2)-l =jqlr-2(iyqp-2)-r =mrzk-2(mwkc-2)-l mzsj-2(mwkc-2)-r oisr-2(oyed-2)-l =pgnd-2(oyed-2)-r =ptet-2(plor-2)-r qlki-2(qkfg-2)-r vqrc-2(vqyp-2)-l wajs-2(vqyp-2)-r =wcls-2(wfjw-2)-l wqvm-2(xkyv-2)-l xpef-2(xkyv-2)-r
11: =fcgi-2(femd-2)-l =mxhh-2(mzsj-2)-l otgz-2(oisr-2)-r =qsuv-2(qlki-2)-r upbx-2(vqrc-2)-l vtzu-2(wajs-2)-l =wanq-2(wajs-2)-r =wnjg-2(wqvm-2)-l xgsy-2(wqvm-2)-r xldd-2(xpef-2)-l =xpow-2(xpef-2)-r
12: =ondn-2(otgz-2)-l =otju-2(otgz-2)-r =uddg-2(upbx-2)-l vjhl-2(upbx-2)-r =vufh-2(vtzu-2)-r wxcl-2(xgsy-2)-l =xnmx-2(xldd-2)-r
13: =vjcw-2(vjhl-2)-l =vlwb-2(vjhl-2)-r wuxc-2(wxcl-2)-l =wznd-2(wxcl-2)-r
14: =wvwv-2(wuxc-2)-r
Words/Phrases: 378
Nodes: 189
Minimum depth: 5
Maximum depth: 15
