0: oypp-B(oypp-B)-
1: fwjl-R(oypp-B)-l vwrz-R(oypp-B)-r
2: ewdy-B(fwjl-R)-l klwo-B(fwjl-R)-r slfh-B(vwrz-R)-l xmaf-B(vwrz-R)-r
3: cgtn-R(ewdy-B)-l fgen-B(ewdy-B)-r jesx-R(klwo-B)-l luee-R(klwo-B)-r pzdu-R(slfh-B)-l ujqs-B(slfh-B)-r wzve-B(xmaf-B)-l zajj-B(xmaf-B)-r
4: bkuh-B(cgtn-R)-l dnjl-B(cgtn-R)-r fatm-B(fgen-B)-l fhnr-B(fgen-B)-r hhjq-B(jesx-R)-l jmmr-B(jesx-R)-r kyln-B(luee-R)-l njdd-B(luee-R)-r pgvg-B(pzdu-R)-l rdgn-B(pzdu-R)-r ucfw-R(ujqs-B)-l vlnq-R(ujqs-B)-r wpwh-B(wzve-B)-l xkum-R(wzve-B)-r ydnm-R(zajj-B)-l zlyq-B(zajj-B)-r
5: bcrs-B(bkuh-B)-l bxak-B(bkuh-B)-r cvzb-R(dnjl-B)-l emnk-B(dnjl-B)-r =fcxi-R(fatm-B)-r =fgla-R(fhnr-B)-l =fkcs-R(fhnr-B)-r gsqx-R(hhjq-B)-l ibgu-R(hhjq-B)-r =jfnl-B(jmmr-B)-l jxzh-R(jmmr-B)-r kpus-B(kyln-B)-l llvd-R(kyln-B)-r mwhs-R(njdd-B)-l npiu-R(njdd-B)-r pbkg-B(pgvg-B)-l pnrc-B(pgvg-B)-r qxkd-R(rdgn-B)-l rgcn-B(rdgn-B)-r taed-B(ucfw-R)-l =ufzb-B(ucfw-R)-r vfpg-B(vlnq-R)-l vuup-B(vlnq-R)-r =wofd-R(wpwh-B)-l xcjv-B(xkum-R)-l =xlte-B(xkum-R)-r =xvwq-B(ydnm-R)-l yykg-B(ydnm-R)-r =zeyp-R(zlyq-B)-l
6: =anbj-R(bcrs-B)-l =bncz-R(bxak-B)-l =cbxr-R(bxak-B)-r cnhz-B(cvzb-R)-l =cxsa-B(cvzb-R)-r =dzat-R(emnk-B)-l =eqhp-R(emnk-B)-r gnac-B(gsqx-R)-l hgkb-B(gsqx-R)-r hhra-B(ibgu-R)-l =iwuf-B(ibgu-R)-r =jskg-B(jxzh-R)-l kfso-B(jxzh-R)-r =kodm-R(kpus-B)-l =kpxx-R(kpus-B)-r lkiz-B(llvd-R)-l =lrfa-B(llvd-R)-r mjxp-B(mwhs-R)-l nfdv-B(mwhs-R)-r =nlcy-B(npiu-R)-l =orzs-B(npiu-R)-r =pfcb-R(pbkg-B)-r =pkmm-R(pnrc-B)-l =puni-R(pnrc-B)-r qkqo-B(qxkd-R)-l rbmf-B(qxkd-R)-r =rhqx-R(rgcn-B)-r =slws-R(taed-B)-l =tdxj-R(taed-B)-r =umim-R(vfpg-B)-l =vkjq-R(vfpg-B)-r =vqvu-R(vuup-B)-l =xbeg-R(xcjv-B)-l =xgqh-R(xcjv-B)-r =yjxx-R(yykg-B)-l
7: =ciqt-R(cnhz-B)-l =gkae-R(gnac-B)-l =gpud-R(gnac-B)-r =hello world-R(hgkb-B)-l =hxtt-R(hhra-B)-r =kgju-R(kfso-B)-r =lbem-R(lkiz-B)-l =maul-R(mjxp-B)-l =mvps-R(mjxp-B)-r =niwh-R(nfdv-B)-r =qbsj-R(qkqo-B)-l =qqfg-R(qkqo-B)-r =rcff-R(rbmf-B)-r
Words/Phrases: 108
Nodes: 108
Minimum depth: 5
Maximum depth: 8
